由最简单的一个例子说起，匿名用户可读可写的实现

第一步： 配置smb.conf

我们来实现一个最简单的功能，让所有用户可以读写一个Samba 服务器共享的一个文件夹；
我们要改动一下smb.conf ；首先您要备份一下smb.conf文件；

[root@localhost ~]# cd /etc/samba
[root@localhost samba]# mv smb.conf smb.confBAK

然后我们来重新创建一个smb.conf文件；
[root@localhost samba]# touch smb.conf

编辑该文件
[root@localhost samba]# gedit smb.conf

然后我们把下面这段写入smb.conf中；


[global]                                       
workgroup = WuRuan                             
netbios name = WuRuan01                        
server string = Linux Samba Server TestServer  
security = share                               

log file =/var/log/samba/%m.log
max log size = 50         
[wuruan]                        
        path = /mnt/samba         
        writeable = yes           
        browseable = yes          
        guest ok = yes            
 
注解：
[global]这段是全局配置，是必段写的。其中有如下的几行；

workgroup 就是Windows中显示的工作组；在这里我设置的是WuRuan
netbios name 就是在Windows中显示出来的计算机名；
server string 就是Samba服务器说明，可以自己来定义；这个不是什么重要的；
security 这是验证和登录方式，这里我们用了share ；验证方式有好多种，这是其中一种；另外一种常用的是user的验证方式；如果用share呢，就是不用设置用户和密码了；

[wuruan] 这个在Windows中显示出来是共享的目录；
path = 可以设置要共享的目录放在哪里；         这里注意path前面的空格以及下面几行的空格
writeable 是否可写，这里我设置为可写；
browseable 是否可以浏览，可以；
guest ok 匿名用户以guest身份是登录；

第二步：建立相应目录并授权；

[root@localhost ~]# mkdir -p /mnt/samba 
[root@localhost ~]# touch /mnt/samba/welcome_to_my_samba.txt
[root@localhost ~]# id nobody
uid=99(nobody) gid=99(nobody) groups=99(nobody)
[root@localhost ~]# chown -R nobody:nobody /mnt/samba 

注释：关于授权nobody，我们先用id命令查看了nobody用户的信息，发现他的用户组也是nobody，我们要以这个为准。有些系统nobody用户组并非是nobody ；

第三步：启动smbd和nmbd服务器；

[root@localhost samba]# service smb restart

第四步：查看smbd进程，确认Samba 服务器是否运行起来了；

[root@localhost ~]# pgrep smbd	
13564
13568



第五步：访问Samba 服务器的共享；


在Linux 中您可以用下面的命令来测试；
[root@localhost samba]# iptables -F       
[root@localhost samba]# smbclient -L //192.168.0.56
Password: 注：直接按回车





在Windows中，您可以用下面的办法来访问；
在运行命令中输入
\\192.168.0.56


访问windows的共享文件夹：
mount -t cifs //192.168.11.89/workspace /data/windoc/ -o username=Administrator% -o umask=0000
mount -t smbfs //192.168.11.89/workspace /data/windoc/ -o username=Administrator% -o umask=0000



[root@hi44 samba]# smbpasswd samba4create3dmodel
New SMB password:
Retype new SMB password:
Failed to find entry for user samba4create3dmodel.
Failed to modify password entry for user samba4create3dmodel
解决办法：
[root@hi44 samba]# smbpasswd -a samba4create3dmodel